// Jest Snapshot v1, https://goo.gl/fbAQLP

exports[`Tests for <JournalEntry /> should match the snapshot 1`] = `
<div
  className="journal__entry pointer animate__animated animate__fadeIn animate__faster"
  onClick={[Function]}
>
  <div
    className="journal__entry-picture"
    style={
      Object {
        "backgroundImage": "url(https://someplace.com/pic.jpg)",
        "backgroundSize": "cover",
      }
    }
  />
  <div
    className="journal__entry-body"
  >
    <p
      className="journal__entry-title"
    >
      A title
    </p>
    <p
      className="journal__entry-content"
    >
      The body of a note
    </p>
  </div>
  <div
    className="journal__entry-date-box"
  >
    <span>
      Wednesday
    </span>
    <h4>
      31st
    </h4>
  </div>
</div>
`;
