// Jest Snapshot v1, https://goo.gl/fbAQLP

exports[`Test for <SideBar /> should match the snapshot 1`] = `
<aside
  className="journal__sidebar"
>
  <div
    className="journal__sidebar-navbar"
  >
    <h3
      className="mt-5"
    >
      <i
        className="far fa-moon"
      />
      <span>
         
        Seba
      </span>
    </h3>
    <button
      className="btn"
      onClick={[Function]}
    >
      Logout
    </button>
  </div>
  <div
    className="journal__new-entry"
    onClick={[Function]}
  >
    <i
      className="far fa-calendar-plus fa-5x"
    />
    <p>
      New entry
    </p>
  </div>
  <div
    className="journal__entries"
  />
</aside>
`;
