// Jest Snapshot v1, https://goo.gl/fbAQLP

exports[`Tests for <TodoAdd /> should match the snapshot 1`] = `
<Fragment>
  <h4>
     Add TODO 
  </h4>
  <hr />
  <form
    onSubmit={[Function]}
  >
    <input
      autoComplete="off"
      className="form-control"
      name="description"
      onChange={[Function]}
      placeholder="Do something..."
      type="text"
      value=""
    />
    <button
      className="btn btn-outline-primary mt-1 w-100"
      type="submit"
    >
      Add
    </button>
  </form>
</Fragment>
`;
