// Jest Snapshot v1, https://goo.gl/fbAQLP

exports[`Tests for <AppRouter /> should match the snapshot 1`] = `
<div>
  <nav
    className="navbar navbar-expand-lg navbar-dark bg-dark"
  >
    <div
      className="container-fluid"
    >
      <a
        aria-current="page"
        className="navbar-brand active"
        href="/"
        onClick={[Function]}
        style={Object {}}
      >
        Usecontext App
      </a>
      <div
        className="collapse navbar-collapse"
        id="navbarNav"
      >
        <div
          className="navbar-nav"
        >
          <a
            aria-current="page"
            className="nav-item nav-link active"
            href="/"
            onClick={[Function]}
            style={Object {}}
          >
            Home
          </a>
          <a
            aria-current={null}
            className="nav-item nav-link"
            href="/about"
            onClick={[Function]}
          >
            About
          </a>
          <a
            aria-current={null}
            className="nav-item nav-link"
            href="/login"
            onClick={[Function]}
          >
            Login
          </a>
        </div>
      </div>
    </div>
  </nav>
  <div
    className="container"
  >
    <div>
      <h1>
         Home Screen 
      </h1>
      <hr />
      <pre
        className="container"
      >
        {
   "name": "Sebasti√°n",
   "email": "seba@uc.cl"
}
      </pre>
    </div>
  </div>
</div>
`;
