// Jest Snapshot v1, https://goo.gl/fbAQLP

exports[`Tests for <HomeScreen /> should match the snapshot 1`] = `
<div>
  <h1>
     Home Screen 
  </h1>
  <hr />
  <pre
    className="container"
  >
    {
   "name": "Sebasti√°n",
   "email": "seba@uc.cl"
}
  </pre>
</div>
`;
