// Jest Snapshot v1, https://goo.gl/fbAQLP

exports[`Tests for <RealExampleRef /> should match the snapshot 1`] = `
<div>
  <h1>
    Real example with Ref
  </h1>
  <hr />
  <button
    className="btn btn-primary mt-5"
    onClick={[Function]}
  >
    Show/Hide
  </button>
</div>
`;
