// Jest Snapshot v1, https://goo.gl/fbAQLP

exports[`Tests for <GifGrid /> should match to initial snapshot 1`] = `
<Fragment>
  <h3
    className="animate__animated animate__fadeIn"
  >
    South Park
  </h3>
  <p>
    Loading...
  </p>
  <div
    className="card-grid"
  />
</Fragment>
`;
